Icinga Alerts                            backup-fire / restic-backup          
                                                                              
 CRITICAL backup-fire / restic-back...    State:    CRITICAL                  
 WARNING  unraid / disk-temp (0s)         Duration: 0s                        
                                          Attempt:  0/0                       
                                                                              
                                         Output:                              
                                          Backup failed: exit code 1          
                                                                              
 ↑↓ nav │ / filter │ s sort │ g group │ a ack │ d downtime │ Enter dispatch │ r refresh │ q close