                        │                                                      
  SwarmOps              │                                                      
                        │                                                      
  ● dev-session         │                                                      
                        │                                                      
 ─── Pool ───           │                                                      
  ◆ [api] haiku idle    │                                                      
  ◆ [api] sonnet busy   │                                                      
                        │                                                      
                        │                                                      
                        │                                                      
                        │                                                      
                        │                                                      
                        │                                                      
                        │                                                      
                        │                                                      
                        │                                                      
                        │                                                      
                        │                                                      
                        │                                                      
                        │                                                      
                        │                                                      
                        │                                                      
                        │                                                      
^A/^Z switch │ Alt+N new │ Alt+D delete │ ^\ quit                              