 SwarmOps                                                            00:00:00                                          
 pool off                                                                                                              
──────────────────────────────────────────────────────────────────────────────                                         
                        │                                                                                              
  Sessions              │  No sessions. Press Alt+N to create one.                                                     
                        │                                                                                              
  (no sessions)         │                                                                                              
                        │                                                                                              
                        │                                                                                              
                        │                                                                                              
                        │                                                                                              
                        │                                                                                              
                        │                                                                                              
                        │                                                                                              
                        │                                                                                              
                        │                                                                                              
                        │                                                                                              
                        │                                                                                              
                        │                                                                                              
                        │                                                                                              
                        │                                                                                              
                        │                                                                                              
                        │                                                                                              
                        │                                                                                              
                        │                                                                                              
                        │                                                                                              
                        │                                                                                              
Alt+A/Alt+Z switch │ Alt+N new │ Alt+R rename │ Alt+D delete │ Alt+P plane │ Alt+I icinga │ Alt+F feedback │ Alt+Q quit