                        │                                                      
  SwarmOps              │  No sessions. Press Alt+N to create one.             
                        │                                                      
  (no sessions)         │                                                      
                        │                                                      
                        │                                                      
                        │                                                      
                        │                                                      
                        │                                                      
                        │                                                      
                        │                                                      
                        │                                                      
                        │                                                      
                        │                                                      
                        │                                                      
                        │                                                      
                        │                                                      
                        │                                                      
                        │                                                      
                        │                                                      
                        │                                                      
                        │                                                      
                        │                                                      
                        │                                                      
^A/^Z switch │ Alt+N new │ Alt+D delete │ ^\ quit                              