                        │                                                      
  SwarmOps              │                                                      
                        │                                                      
  ● my-project          │                                                      
  ○ old-task            │                                                      
                        │                                                      
                        │                                                      
                        │                                                      
                        │                                                      
                        │                                                      
                        │                                                      
                        │                                                      
                        │                                                      
                        │                                                      
                        │                                                      
                        │                                                      
                        │                                                      
                        │                                                      
                        │                                                      
                        │                                                      
                        │                                                      
                        │                                                      
                        │                                                      
                        │                                                      
^A/^Z switch │ Alt+N new │ Alt+D delete │ Alt+P plane │ Alt+I icinga │ ^\ quit 